I'm sorry, but errors were detected in your script. Please correct the
errors listed below, and try again.


The label secondcard is defined twice, at File "game/script.rpy", line 69:
                label secondcard:
and File "game/script.rpy", line 93:
                label secondcard:


Ren'Py Version: Ren'Py 8.2.0.24012702
Mon May 13 22:22:53 2024
